
<FAILED::>Wrong number of results, expected 2 , got 1 
