
<PASSED::>Test Passed

<FAILED::>Expected 1. , got 1.001 

<PASSED::>Test Passed

<FAILED::>Expected 1. , got 1.1 

<PASSED::>Test Passed

<PASSED::>Test Passed

<PASSED::>Test Passed

<FAILED::>Expected 5. , got 5.6 

<FAILED::>Expected 10. , got 11.2 

<PASSED::>Test Passed

<FAILED::>Expected 1. , got 1.001 
