
<PASSED::>Test Passed

<PASSED::>Test Passed

<PASSED::>Test Passed

<PASSED::>Test Passed

<PASSED::>Test Passed

<FAILED::>Expected 1. , got 0. 
