
<FAILED::>Wrong number of results, expected 1 , got 2 
