
<DESCRIBE::>group of tests

<IT::>single test

<PASSED::>Test Passed

<COMPLETEDIN::>0.021 ms

<COMPLETEDIN::>0.038 ms
