
<DESCRIBE::>Expected results and actual results tests

<IT::>Match

<PASSED::>Test Passed

<COMPLETEDIN::>0.039 ms

<IT::>Mismatch

<FAILED::>Expected 4 5 6 7 , got 0 1 2 3 

<COMPLETEDIN::>0.067 ms

<COMPLETEDIN::>0.296 ms
