
<DESCRIBE::>stack underflow

<IT::>single test

<FAILED::>Wrong number of results, expected 1 , got a 1 cell stack underflow

<COMPLETEDIN::>0.033 ms

<IT::>double test

<FAILED::>Wrong number of results, expected 1 , got a 1 cell stack underflow

<FAILED::>Wrong number of results, expected 1 , got a 2 cell stack underflow

<COMPLETEDIN::>1565296144893.672 ms

<IT::>double test

<FAILED::>Wrong number of results, expected 2 , got a 1 cell stack underflow

<FAILED::>Wrong number of results, expected 2 , got a 2 cell stack underflow

<COMPLETEDIN::>1565296144893.759 ms

<IT::>double test

<FAILED::>Wrong number of results, expected 2 , got a 1 cell stack underflow

<FAILED::>Wrong number of results, expected 1 , got a 2 cell stack underflow

<COMPLETEDIN::>1565296144893.836 ms

<COMPLETEDIN::>0.311 ms
